// Bun Snapshot v1, https://bun.sh/docs/test/snapshots

exports[`extractResources is pinned by snapshot so an alchemy bump shows exactly which kinds moved 1`] = `
[
  "Cloudflare.Access.Application",
  "Cloudflare.Access.Bookmark",
  "Cloudflare.Access.Certificate",
  "Cloudflare.Access.CustomPage",
  "Cloudflare.Access.Group",
  "Cloudflare.Access.IdentityProvider",
  "Cloudflare.Access.InfrastructureTarget",
  "Cloudflare.Access.KeyConfiguration",
  "Cloudflare.Access.McpPortal",
  "Cloudflare.Access.Organization",
  "Cloudflare.Access.Policy",
  "Cloudflare.Access.ServiceToken",
  "Cloudflare.Access.Tag",
  "Cloudflare.Account.Account",
  "Cloudflare.Account.Member",
  "Cloudflare.Acm.CustomTrustStore",
  "Cloudflare.Acm.TotalTls",
  "Cloudflare.Addressing.AddressMap",
  "Cloudflare.Addressing.BgpPrefix",
  "Cloudflare.Addressing.Prefix",
  "Cloudflare.Addressing.PrefixDelegation",
  "Cloudflare.Addressing.ServiceBinding",
  "Cloudflare.AI.Dataset",
  "Cloudflare.AI.DynamicRouting",
  "Cloudflare.AI.Evaluation",
  "Cloudflare.AI.Gateway",
  "Cloudflare.AI.GatewayProvider",
  "Cloudflare.AI.Search",
  "Cloudflare.AI.SearchNamespace",
  "Cloudflare.AI.SearchToken",
  "Cloudflare.AI.Security.CustomTopics",
  "Cloudflare.AI.SecuritySettings",
  "Cloudflare.Alerting.NotificationPolicy",
  "Cloudflare.Alerting.Silence",
  "Cloudflare.Alerting.Webhook",
  "Cloudflare.ApiShield.Configuration",
  "Cloudflare.ApiShield.Label",
  "Cloudflare.ApiShield.Operation",
  "Cloudflare.ApiShield.UserSchema",
  "Cloudflare.ApiToken.AccountApiToken",
  "Cloudflare.ApiToken.UserApiToken",
  "Cloudflare.Argo.SmartRouting",
  "Cloudflare.Argo.TieredCaching",
  "Cloudflare.BotManagement.BotManagement",
  "Cloudflare.Cache.OriginCloudRegion",
  "Cloudflare.Cache.RegionalTieredCache",
  "Cloudflare.Cache.Reserve",
  "Cloudflare.Cache.SmartTieredCache",
  "Cloudflare.Cache.Variants",
  "Cloudflare.Calls.App",
  "Cloudflare.Calls.TurnKey",
  "Cloudflare.CertificateAuthorities.HostnameAssociation",
  "Cloudflare.ClientCertificate.ClientCertificate",
  "Cloudflare.CloudConnector.Rules",
  "Cloudflare.CloudforceOne.ScanConfig",
  "Cloudflare.Connectivity.DirectoryService",
  "Cloudflare.Container",
  "Cloudflare.ContentScanning.ContentScanning",
  "Cloudflare.ContentScanning.Expression",
  "Cloudflare.CustomCertificate.CustomCertificate",
  "Cloudflare.CustomHostname.CustomHostname",
  "Cloudflare.CustomHostname.FallbackOrigin",
  "Cloudflare.CustomNameserver.CustomNameserver",
  "Cloudflare.D1Database",
  "Cloudflare.DdosProtection.AllowlistEntry",
  "Cloudflare.DdosProtection.SynProtectionFilter",
  "Cloudflare.DdosProtection.SynProtectionRule",
  "Cloudflare.DdosProtection.TcpFlowProtectionFilter",
  "Cloudflare.DdosProtection.TcpFlowProtectionRule",
  "Cloudflare.Devices.CustomProfile",
  "Cloudflare.Devices.DefaultProfile",
  "Cloudflare.Devices.DexTest",
  "Cloudflare.Devices.ManagedNetwork",
  "Cloudflare.Devices.PostureIntegration",
  "Cloudflare.Devices.PostureRule",
  "Cloudflare.Devices.Settings",
  "Cloudflare.Diagnostics.EndpointHealthcheck",
  "Cloudflare.Dlp.Entry",
  "Cloudflare.Dlp.Profile",
  "Cloudflare.DNS.AccountSettings",
  "Cloudflare.DNS.Dnssec",
  "Cloudflare.DNS.Firewall",
  "Cloudflare.DNS.Record",
  "Cloudflare.DNS.View",
  "Cloudflare.DNS.ZoneSettings",
  "Cloudflare.DNS.ZoneTransferAcl",
  "Cloudflare.DNS.ZoneTransferIncoming",
  "Cloudflare.DNS.ZoneTransferOutgoing",
  "Cloudflare.DNS.ZoneTransferPeer",
  "Cloudflare.DNS.ZoneTransferTsig",
  "Cloudflare.Email.Address",
  "Cloudflare.Email.AllowPolicy",
  "Cloudflare.Email.BlockSender",
  "Cloudflare.Email.CatchAll",
  "Cloudflare.Email.Domain",
  "Cloudflare.Email.ImpersonationRegistryEntry",
  "Cloudflare.Email.Routing",
  "Cloudflare.Email.Rule",
  "Cloudflare.Email.SendingSubdomain",
  "Cloudflare.Email.TrustedDomain",
  "Cloudflare.Firewall.AccessRule",
  "Cloudflare.Firewall.Lockdown",
  "Cloudflare.Firewall.UaRule",
  "Cloudflare.Flagship.App",
  "Cloudflare.Flagship.Flag",
  "Cloudflare.Fraud.DetectionSettings",
  "Cloudflare.Gateway.Certificate",
  "Cloudflare.Gateway.Configuration",
  "Cloudflare.Gateway.List",
  "Cloudflare.Gateway.Location",
  "Cloudflare.Gateway.Logging",
  "Cloudflare.Gateway.ProxyEndpoint",
  "Cloudflare.Gateway.Rule",
  "Cloudflare.GoogleTagGateway.GoogleTagGateway",
  "Cloudflare.Healthcheck.Healthcheck",
  "Cloudflare.HostnameTlsSetting.HostnameTlsSetting",
  "Cloudflare.Hyperdrive",
  "Cloudflare.Iam.ResourceGroup",
  "Cloudflare.Iam.UserGroup",
  "Cloudflare.Iam.UserGroupMembership",
  "Cloudflare.Images.SigningKey",
  "Cloudflare.Images.Variant",
  "Cloudflare.Intel.IndicatorFeed",
  "Cloudflare.Intel.IndicatorFeedPermission",
  "Cloudflare.KeylessCertificate.KeylessCertificate",
  "Cloudflare.KV.Namespace",
  "Cloudflare.LeakedCredentialCheck.Detection",
  "Cloudflare.LeakedCredentialCheck.LeakedCredentialCheck",
  "Cloudflare.LoadBalancer.LoadBalancer",
  "Cloudflare.LoadBalancer.Monitor",
  "Cloudflare.LoadBalancer.MonitorGroup",
  "Cloudflare.LoadBalancer.Pool",
  "Cloudflare.Logpush.Job",
  "Cloudflare.Logs.CmbConfig",
  "Cloudflare.Logs.RetentionFlag",
  "Cloudflare.MagicCloudNetworking.CatalogSync",
  "Cloudflare.MagicCloudNetworking.CloudIntegration",
  "Cloudflare.MagicCloudNetworking.OnRamp",
  "Cloudflare.MagicNetworkMonitoring.Config",
  "Cloudflare.MagicNetworkMonitoring.Rule",
  "Cloudflare.MagicTransit.App",
  "Cloudflare.MagicTransit.GreTunnel",
  "Cloudflare.MagicTransit.IpsecTunnel",
  "Cloudflare.MagicTransit.Site",
  "Cloudflare.MagicTransit.SiteAcl",
  "Cloudflare.MagicTransit.SiteLan",
  "Cloudflare.MagicTransit.SiteWan",
  "Cloudflare.MagicTransit.StaticRoute",
  "Cloudflare.ManagedTransforms.ManagedTransforms",
  "Cloudflare.MtlsCertificate.MtlsCertificate",
  "Cloudflare.NetworkInterconnects.Settings",
  "Cloudflare.Organization.Organization",
  "Cloudflare.OriginCaCertificate.OriginCaCertificate",
  "Cloudflare.OriginPostQuantumEncryption.OriginPostQuantumEncryption",
  "Cloudflare.OriginTlsClientAuth.Certificate",
  "Cloudflare.OriginTlsClientAuth.HostnameAssociation",
  "Cloudflare.OriginTlsClientAuth.HostnameCertificate",
  "Cloudflare.OriginTlsClientAuth.Setting",
  "Cloudflare.PageRule.PageRule",
  "Cloudflare.Pages.Deployment",
  "Cloudflare.Pages.Domain",
  "Cloudflare.Pages.Project",
  "Cloudflare.PageShield.Policy",
  "Cloudflare.PageShield.Settings",
  "Cloudflare.Pipelines.LegacyPipeline",
  "Cloudflare.Pipelines.Pipeline",
  "Cloudflare.Pipelines.Sink",
  "Cloudflare.Pipelines.Stream",
  "Cloudflare.Queues.Consumer",
  "Cloudflare.Queues.Queue",
  "Cloudflare.Queues.Subscription",
  "Cloudflare.R2.Bucket",
  "Cloudflare.R2.BucketEventNotification",
  "Cloudflare.R2.BucketSippy",
  "Cloudflare.R2.DataCatalog",
  "Cloudflare.RealtimeKit.App",
  "Cloudflare.RealtimeKit.Preset",
  "Cloudflare.RealtimeKit.Webhook",
  "Cloudflare.RegionalHostname.RegionalHostname",
  "Cloudflare.Registrar.Domain",
  "Cloudflare.ResourceSharing.Share",
  "Cloudflare.ResourceSharing.ShareRecipient",
  "Cloudflare.ResourceSharing.ShareResource",
  "Cloudflare.RiskScoring.Integration",
  "Cloudflare.Rules.List",
  "Cloudflare.Ruleset.Ruleset",
  "Cloudflare.Rulesets.AccountEntrypoint",
  "Cloudflare.Rulesets.CustomRuleset",
  "Cloudflare.Rum.Rule",
  "Cloudflare.Rum.Site",
  "Cloudflare.SchemaValidation.OperationSetting",
  "Cloudflare.SchemaValidation.Schema",
  "Cloudflare.SchemaValidation.Settings",
  "Cloudflare.SecretsStore",
  "Cloudflare.SecretsStore.Secret",
  "Cloudflare.SecurityTxt.SecurityTxt",
  "Cloudflare.Snippets.Rules",
  "Cloudflare.Snippets.Snippet",
  "Cloudflare.Spectrum.Application",
  "Cloudflare.Speed.TestSchedule",
  "Cloudflare.Ssl.CertificatePack",
  "Cloudflare.Ssl.UniversalSsl",
  "Cloudflare.Stream.LiveInput",
  "Cloudflare.Stream.LiveInputOutput",
  "Cloudflare.Stream.SigningKey",
  "Cloudflare.Stream.Watermark",
  "Cloudflare.Stream.Webhook",
  "Cloudflare.Tags.AccountResourceTags",
  "Cloudflare.Tags.ZoneResourceTags",
  "Cloudflare.TokenValidation.Configuration",
  "Cloudflare.TokenValidation.Rule",
  "Cloudflare.Tunnel.Configuration",
  "Cloudflare.Tunnel.HostnameRoute",
  "Cloudflare.Tunnel.Route",
  "Cloudflare.Tunnel.Tunnel",
  "Cloudflare.Tunnel.VirtualNetwork",
  "Cloudflare.Tunnel.WarpConnector",
  "Cloudflare.Turnstile.Widget",
  "Cloudflare.UrlNormalization.UrlNormalization",
  "Cloudflare.VectorizeIndex",
  "Cloudflare.VectorizeMetadataIndex",
  "Cloudflare.VpcService.VpcService",
  "Cloudflare.VulnerabilityScanner.Credential",
  "Cloudflare.VulnerabilityScanner.CredentialSet",
  "Cloudflare.VulnerabilityScanner.TargetEnvironment",
  "Cloudflare.WaitingRoom.Settings",
  "Cloudflare.WaitingRoom.WaitingRoom",
  "Cloudflare.Web3.Hostname",
  "Cloudflare.Web3.HostnameContentList",
  "Cloudflare.Worker",
  "Cloudflare.Workers.AccountSetting",
  "Cloudflare.Workers.DispatchNamespace",
  "Cloudflare.Workers.ObservabilityDestination",
  "Cloudflare.Workers.Route",
  "Cloudflare.Workers.Subdomain",
  "Cloudflare.Workflow",
  "Cloudflare.Zaraz.Config",
  "Cloudflare.Zone.CustomNameservers",
  "Cloudflare.Zone.Hold",
  "Cloudflare.Zone.Setting",
  "Cloudflare.Zone.Zone",
]
`;

exports[`bindingKinds is pinned by snapshot so a schema change is visible in review 1`] = `
[
  "ai",
  "ai_search",
  "ai_search_namespace",
  "analytics_engine",
  "artifacts",
  "assets",
  "browser",
  "d1",
  "data_blob",
  "dispatch_namespace",
  "durable_object_namespace",
  "flagship",
  "hyperdrive",
  "images",
  "inherit",
  "json",
  "kv_namespace",
  "logfwdr",
  "media",
  "mtls_certificate",
  "pipelines",
  "plain_text",
  "queue",
  "r2_bucket",
  "ratelimit",
  "secret_key",
  "secret_text",
  "secrets_store_secret",
  "send_email",
  "service",
  "stream",
  "text_blob",
  "unsafe_hello_world",
  "vectorize",
  "version_metadata",
  "vpc_network",
  "vpc_service",
  "wasm_module",
  "worker_loader",
  "workflow",
]
`;

exports[`categoriesFor is pinned by snapshot so a category change is visible in review 1`] = `
[
  "AI",
  "Account & Identity",
  "Application Security",
  "Cloudflare One (Zero Trust)",
  "Developer Platform",
  "Domains & DNS",
  "Email",
  "Media",
  "Network",
  "Observability & Analytics",
  "Performance & Reliability",
  "Rules & Configuration",
  "SSL/TLS & Certificates",
  "Storage & Databases",
  "Workers & Compute",
]
`;
